// Jest Snapshot v1, https://goo.gl/fbAQLP

exports[`CreationZone should be an instance of the CreationZone component 1`] = `ShallowWrapper {}`;
