// Jest Snapshot v1, https://goo.gl/fbAQLP

exports[`MemberInfo should be an instance of the MemberInfo component 1`] = `ShallowWrapper {}`;
