// Jest Snapshot v1, https://goo.gl/fbAQLP

exports[`Loader should be an instance of the Loader component 1`] = `ShallowWrapper {}`;
