// Jest Snapshot v1, https://goo.gl/fbAQLP

exports[`FavoriteCard should be an instance of the FavoriteCard component 1`] = `ShallowWrapper {}`;
