// Jest Snapshot v1, https://goo.gl/fbAQLP

exports[`Home should be an instance of the Home component 1`] = `ShallowWrapper {}`;
