// Jest Snapshot v1, https://goo.gl/fbAQLP

exports[`ErrorMessage should be an instance of the ErrorMessage component 1`] = `ShallowWrapper {}`;
