// Jest Snapshot v1, https://goo.gl/fbAQLP

exports[`Favorites should be an instance of the Favorites component 1`] = `ShallowWrapper {}`;
