// Jest Snapshot v1, https://goo.gl/fbAQLP

exports[`App should be an instance of the App component 1`] = `ShallowWrapper {}`;
